
/home/runner/work/exp-Image-restoration-iitg/exp-Image-restoration-iitg/experiment/simulation/js/main.js
   48:14  warning  'cv' is not defined  no-undef
   49:1   warning  'cv' is not defined  no-undef
   49:22  warning  'cv' is not defined  no-undef
   50:1   warning  'cv' is not defined  no-undef
   67:10  warning  'cv' is not defined  no-undef
   68:13  warning  'cv' is not defined  no-undef
   69:1   warning  'cv' is not defined  no-undef
   69:26  warning  'cv' is not defined  no-undef
   81:17  warning  'cv' is not defined  no-undef
   85:16  warning  'cv' is not defined  no-undef
   85:41  warning  'cv' is not defined  no-undef
   89:1   warning  'cv' is not defined  no-undef
   89:29  warning  'cv' is not defined  no-undef
   92:1   warning  'cv' is not defined  no-undef
   92:37  warning  'cv' is not defined  no-undef
   98:17  warning  'cv' is not defined  no-undef
   99:1   warning  'cv' is not defined  no-undef
  103:16  warning  'cv' is not defined  no-undef
  105:1   warning  'cv' is not defined  no-undef

✖ 19 problems (0 errors, 19 warnings)

